[1.103s] DEBUG:colcon:Command line arguments: ['/usr/bin/colcon', 'build', '--packages-select', 'benchmark_nodes']
[1.103s] DEBUG:colcon:Parsed command line arguments: Namespace(log_base=None, log_level=None, verb_name='build', build_base='build', install_base='install', merge_install=False, symlink_install=False, test_result_base=None, continue_on_error=False, executor='parallel', parallel_workers=12, event_handlers=None, ignore_user_meta=False, metas=['./colcon.meta'], base_paths=['.'], packages_ignore=None, packages_ignore_regex=None, paths=None, packages_up_to=None, packages_up_to_regex=None, packages_above=None, packages_above_and_dependencies=None, packages_above_depth=None, packages_select_by_dep=None, packages_skip_by_dep=None, packages_skip_up_to=None, packages_select_build_failed=False, packages_skip_build_finished=False, packages_select_test_failures=False, packages_skip_test_passed=False, packages_select=['benchmark_nodes'], packages_skip=None, packages_select_regex=None, packages_skip_regex=None, packages_start=None, packages_end=None, cmake_args=None, cmake_target=None, cmake_target_skip_unavailable=False, cmake_clean_cache=False, cmake_clean_first=False, cmake_force_configure=False, ament_cmake_args=None, catkin_cmake_args=None, catkin_skip_building_tests=False, mixin_files=None, mixin=None, verb_parser=<colcon_mixin.mixin.mixin_argument.MixinArgumentDecorator object at 0x73265aa80e90>, verb_extension=<colcon_core.verb.build.BuildVerb object at 0x73265aa80c50>, main=<bound method BuildVerb.main of <colcon_core.verb.build.BuildVerb object at 0x73265aa80c50>>, mixin_verb=('build',))
[1.546s] Level 1:colcon.colcon_core.package_discovery:discover_packages(colcon_meta) check parameters
[1.552s] INFO:colcon.colcon_metadata.package_discovery.colcon_meta:Using configuration from '/root/.colcon/metadata/default/Gazebo.meta'
[1.555s] INFO:colcon.colcon_metadata.package_discovery.colcon_meta:Using configuration from '/root/.colcon/metadata/default/fastdds.meta'
[1.558s] INFO:colcon.colcon_metadata.package_discovery.colcon_meta:Using configuration from '/root/.colcon/metadata/default/fastrtps.meta'
[1.559s] Level 1:colcon.colcon_core.package_discovery:discover_packages(recursive) check parameters
[1.559s] Level 1:colcon.colcon_core.package_discovery:discover_packages(ignore) check parameters
[1.559s] Level 1:colcon.colcon_core.package_discovery:discover_packages(path) check parameters
[1.560s] Level 1:colcon.colcon_core.package_discovery:discover_packages(colcon_meta) discover
[1.560s] Level 1:colcon.colcon_core.package_discovery:discover_packages(recursive) discover
[1.560s] INFO:colcon.colcon_core.package_discovery:Crawling recursively for packages in '/ros2_ws'
[1.561s] Level 1:colcon.colcon_core.package_identification:_identify(.) by extensions ['ignore', 'ignore_ament_install']
[1.562s] Level 1:colcon.colcon_core.package_identification:_identify(.) by extension 'ignore'
[1.562s] Level 1:colcon.colcon_core.package_identification:_identify(.) by extension 'ignore_ament_install'
[1.563s] Level 1:colcon.colcon_core.package_identification:_identify(.) by extensions ['colcon_pkg']
[1.563s] Level 1:colcon.colcon_core.package_identification:_identify(.) by extension 'colcon_pkg'
[1.564s] Level 1:colcon.colcon_core.package_identification:_identify(.) by extensions ['colcon_meta']
[1.564s] Level 1:colcon.colcon_core.package_identification:_identify(.) by extension 'colcon_meta'
[1.564s] Level 1:colcon.colcon_core.package_identification:_identify(.) by extensions ['ros']
[1.564s] Level 1:colcon.colcon_core.package_identification:_identify(.) by extension 'ros'
[1.773s] Level 1:colcon.colcon_core.package_identification:_identify(.) by extensions ['cmake', 'python']
[1.773s] Level 1:colcon.colcon_core.package_identification:_identify(.) by extension 'cmake'
[1.774s] Level 1:colcon.colcon_core.package_identification:_identify(.) by extension 'python'
[1.774s] Level 1:colcon.colcon_core.package_identification:_identify(.) by extensions ['python_setup_py']
[1.774s] Level 1:colcon.colcon_core.package_identification:_identify(.) by extension 'python_setup_py'
[1.775s] Level 1:colcon.colcon_core.package_identification:_identify(build) by extensions ['ignore', 'ignore_ament_install']
[1.776s] Level 1:colcon.colcon_core.package_identification:_identify(build) by extension 'ignore'
[1.777s] Level 1:colcon.colcon_core.package_identification:_identify(build) ignored
[1.778s] Level 1:colcon.colcon_core.package_identification:_identify(install) by extensions ['ignore', 'ignore_ament_install']
[1.778s] Level 1:colcon.colcon_core.package_identification:_identify(install) by extension 'ignore'
[1.779s] Level 1:colcon.colcon_core.package_identification:_identify(install) ignored
[1.779s] Level 1:colcon.colcon_core.package_identification:_identify(log) by extensions ['ignore', 'ignore_ament_install']
[1.780s] Level 1:colcon.colcon_core.package_identification:_identify(log) by extension 'ignore'
[1.781s] Level 1:colcon.colcon_core.package_identification:_identify(log) ignored
[1.781s] Level 1:colcon.colcon_core.package_identification:_identify(src) by extensions ['ignore', 'ignore_ament_install']
[1.782s] Level 1:colcon.colcon_core.package_identification:_identify(src) by extension 'ignore'
[1.782s] Level 1:colcon.colcon_core.package_identification:_identify(src) by extension 'ignore_ament_install'
[1.783s] Level 1:colcon.colcon_core.package_identification:_identify(src) by extensions ['colcon_pkg']
[1.783s] Level 1:colcon.colcon_core.package_identification:_identify(src) by extension 'colcon_pkg'
[1.784s] Level 1:colcon.colcon_core.package_identification:_identify(src) by extensions ['colcon_meta']
[1.784s] Level 1:colcon.colcon_core.package_identification:_identify(src) by extension 'colcon_meta'
[1.784s] Level 1:colcon.colcon_core.package_identification:_identify(src) by extensions ['ros']
[1.785s] Level 1:colcon.colcon_core.package_identification:_identify(src) by extension 'ros'
[1.785s] Level 1:colcon.colcon_core.package_identification:_identify(src) by extensions ['cmake', 'python']
[1.786s] Level 1:colcon.colcon_core.package_identification:_identify(src) by extension 'cmake'
[1.786s] Level 1:colcon.colcon_core.package_identification:_identify(src) by extension 'python'
[1.786s] Level 1:colcon.colcon_core.package_identification:_identify(src) by extensions ['python_setup_py']
[1.787s] Level 1:colcon.colcon_core.package_identification:_identify(src) by extension 'python_setup_py'
[1.788s] Level 1:colcon.colcon_core.package_identification:_identify(src/benchmark_nodes) by extensions ['ignore', 'ignore_ament_install']
[1.788s] Level 1:colcon.colcon_core.package_identification:_identify(src/benchmark_nodes) by extension 'ignore'
[1.789s] Level 1:colcon.colcon_core.package_identification:_identify(src/benchmark_nodes) by extension 'ignore_ament_install'
[1.789s] Level 1:colcon.colcon_core.package_identification:_identify(src/benchmark_nodes) by extensions ['colcon_pkg']
[1.790s] Level 1:colcon.colcon_core.package_identification:_identify(src/benchmark_nodes) by extension 'colcon_pkg'
[1.790s] Level 1:colcon.colcon_core.package_identification:_identify(src/benchmark_nodes) by extensions ['colcon_meta']
[1.790s] Level 1:colcon.colcon_core.package_identification:_identify(src/benchmark_nodes) by extension 'colcon_meta'
[1.791s] Level 1:colcon.colcon_core.package_identification:_identify(src/benchmark_nodes) by extensions ['ros']
[1.791s] Level 1:colcon.colcon_core.package_identification:_identify(src/benchmark_nodes) by extension 'ros'
[1.816s] DEBUG:colcon.colcon_core.package_identification:Package 'src/benchmark_nodes' with type 'ros.ament_python' and name 'benchmark_nodes'
[1.817s] Level 1:colcon.colcon_core.package_discovery:discover_packages(recursive) using defaults
[1.817s] Level 1:colcon.colcon_core.package_discovery:discover_packages(ignore) discover
[1.817s] Level 1:colcon.colcon_core.package_discovery:discover_packages(ignore) using defaults
[1.818s] Level 1:colcon.colcon_core.package_discovery:discover_packages(path) discover
[1.818s] Level 1:colcon.colcon_core.package_discovery:discover_packages(path) using defaults
[1.997s] Level 5:colcon.colcon_core.verb:set package 'benchmark_nodes' build argument 'cmake_args' from command line to 'None'
[1.997s] Level 5:colcon.colcon_core.verb:set package 'benchmark_nodes' build argument 'cmake_target' from command line to 'None'
[1.998s] Level 5:colcon.colcon_core.verb:set package 'benchmark_nodes' build argument 'cmake_target_skip_unavailable' from command line to 'False'
[1.998s] Level 5:colcon.colcon_core.verb:set package 'benchmark_nodes' build argument 'cmake_clean_cache' from command line to 'False'
[1.998s] Level 5:colcon.colcon_core.verb:set package 'benchmark_nodes' build argument 'cmake_clean_first' from command line to 'False'
[1.999s] Level 5:colcon.colcon_core.verb:set package 'benchmark_nodes' build argument 'cmake_force_configure' from command line to 'False'
[1.999s] Level 5:colcon.colcon_core.verb:set package 'benchmark_nodes' build argument 'ament_cmake_args' from command line to 'None'
[2.000s] Level 5:colcon.colcon_core.verb:set package 'benchmark_nodes' build argument 'catkin_cmake_args' from command line to 'None'
[2.000s] Level 5:colcon.colcon_core.verb:set package 'benchmark_nodes' build argument 'catkin_skip_building_tests' from command line to 'False'
[2.000s] DEBUG:colcon.colcon_core.verb:Building package 'benchmark_nodes' with the following arguments: {'ament_cmake_args': None, 'build_base': '/ros2_ws/build/benchmark_nodes', 'catkin_cmake_args': None, 'catkin_skip_building_tests': False, 'cmake_args': None, 'cmake_clean_cache': False, 'cmake_clean_first': False, 'cmake_force_configure': False, 'cmake_target': None, 'cmake_target_skip_unavailable': False, 'install_base': '/ros2_ws/install/benchmark_nodes', 'merge_install': False, 'path': '/ros2_ws/src/benchmark_nodes', 'symlink_install': False, 'test_result_base': None}
[2.001s] INFO:colcon.colcon_core.executor:Executing jobs using 'parallel' executor
[2.007s] DEBUG:colcon.colcon_parallel_executor.executor.parallel:run_until_complete
[2.008s] INFO:colcon.colcon_ros.task.ament_python.build:Building ROS package in '/ros2_ws/src/benchmark_nodes' with build type 'ament_python'
[2.010s] Level 1:colcon.colcon_core.shell:create_environment_hook('benchmark_nodes', 'ament_prefix_path')
[2.035s] INFO:colcon.colcon_core.plugin_system:Skipping extension 'colcon_core.shell.bat': Not used on non-Windows systems
[2.038s] INFO:colcon.colcon_core.shell:Creating environment hook '/ros2_ws/install/benchmark_nodes/share/benchmark_nodes/hook/ament_prefix_path.ps1'
[2.044s] INFO:colcon.colcon_core.shell:Creating environment descriptor '/ros2_ws/install/benchmark_nodes/share/benchmark_nodes/hook/ament_prefix_path.dsv'
[2.049s] INFO:colcon.colcon_core.shell:Creating environment hook '/ros2_ws/install/benchmark_nodes/share/benchmark_nodes/hook/ament_prefix_path.sh'
[2.055s] INFO:colcon.colcon_core.shell:Skip shell extension 'powershell' for command environment: Not usable outside of PowerShell
[2.055s] DEBUG:colcon.colcon_core.shell:Skip shell extension 'dsv' for command environment
[3.839s] INFO:colcon.colcon_core.task.python.build:Building Python package in '/ros2_ws/src/benchmark_nodes'
[3.841s] INFO:colcon.colcon_core.shell:Skip shell extension 'powershell' for command environment: Not usable outside of PowerShell
[3.841s] DEBUG:colcon.colcon_core.shell:Skip shell extension 'dsv' for command environment
[7.691s] DEBUG:colcon.colcon_core.task.python.build:Available setuptools commands: sdist, build_clib, check, install_data, bdist_dumb, install_headers, upload_docs, alias, dist_info, clean, install, egg_info, editable_wheel, test, register, saveopts, install_egg_info, symlink_data, build_scripts, setopt, bdist_egg, build_ext, easy_install, rotate, bdist_rpm, install_lib, build, build_py, upload, install_scripts, develop, bdist
[7.707s] DEBUG:colcon.colcon_core.event_handler.log_command:Invoking command in '/ros2_ws/src/benchmark_nodes': PYTHONPATH=/ros2_ws/build/benchmark_nodes/prefix_override:/usr/lib/python3/dist-packages/colcon_core/task/python/colcon_distutils_commands:/ros2_ws/install/benchmark_nodes/lib/python3.12/site-packages:${PYTHONPATH} /usr/bin/python3 -W ignore:setup.py install is deprecated -W ignore:easy_install command is deprecated setup.py egg_info --egg-base ../../build/benchmark_nodes build --build-base /ros2_ws/build/benchmark_nodes/build install --record /ros2_ws/build/benchmark_nodes/install.log --install-scripts $base/lib/benchmark_nodes --single-version-externally-managed install_data
[11.583s] DEBUG:colcon.colcon_core.event_handler.log_command:Invoked command in '/ros2_ws/src/benchmark_nodes' returned '0': PYTHONPATH=/ros2_ws/build/benchmark_nodes/prefix_override:/usr/lib/python3/dist-packages/colcon_core/task/python/colcon_distutils_commands:/ros2_ws/install/benchmark_nodes/lib/python3.12/site-packages:${PYTHONPATH} /usr/bin/python3 -W ignore:setup.py install is deprecated -W ignore:easy_install command is deprecated setup.py egg_info --egg-base ../../build/benchmark_nodes build --build-base /ros2_ws/build/benchmark_nodes/build install --record /ros2_ws/build/benchmark_nodes/install.log --install-scripts $base/lib/benchmark_nodes --single-version-externally-managed install_data
[11.607s] Level 1:colcon.colcon_core.environment:checking '/ros2_ws/install/benchmark_nodes' for CMake module files
[11.613s] Level 1:colcon.colcon_core.environment:checking '/ros2_ws/install/benchmark_nodes' for CMake config files
[11.619s] Level 1:colcon.colcon_core.environment:checking '/ros2_ws/install/benchmark_nodes/lib'
[11.621s] Level 1:colcon.colcon_core.environment:checking '/ros2_ws/install/benchmark_nodes/bin'
[11.621s] Level 1:colcon.colcon_core.environment:checking '/ros2_ws/install/benchmark_nodes/lib/pkgconfig/benchmark_nodes.pc'
[11.623s] Level 1:colcon.colcon_core.environment:checking '/ros2_ws/install/benchmark_nodes/lib/python3.12/site-packages'
[11.624s] Level 1:colcon.colcon_core.shell:create_environment_hook('benchmark_nodes', 'pythonpath')
[11.626s] INFO:colcon.colcon_core.shell:Creating environment hook '/ros2_ws/install/benchmark_nodes/share/benchmark_nodes/hook/pythonpath.ps1'
[11.629s] INFO:colcon.colcon_core.shell:Creating environment descriptor '/ros2_ws/install/benchmark_nodes/share/benchmark_nodes/hook/pythonpath.dsv'
[11.632s] INFO:colcon.colcon_core.shell:Creating environment hook '/ros2_ws/install/benchmark_nodes/share/benchmark_nodes/hook/pythonpath.sh'
[11.638s] Level 1:colcon.colcon_core.environment:checking '/ros2_ws/install/benchmark_nodes/bin'
[11.638s] Level 1:colcon.colcon_core.environment:create_environment_scripts_only(benchmark_nodes)
[11.640s] INFO:colcon.colcon_core.shell:Creating package script '/ros2_ws/install/benchmark_nodes/share/benchmark_nodes/package.ps1'
[11.647s] INFO:colcon.colcon_core.shell:Creating package descriptor '/ros2_ws/install/benchmark_nodes/share/benchmark_nodes/package.dsv'
[11.652s] INFO:colcon.colcon_core.shell:Creating package script '/ros2_ws/install/benchmark_nodes/share/benchmark_nodes/package.sh'
[11.657s] INFO:colcon.colcon_core.shell:Creating package script '/ros2_ws/install/benchmark_nodes/share/benchmark_nodes/package.bash'
[11.661s] INFO:colcon.colcon_core.shell:Creating package script '/ros2_ws/install/benchmark_nodes/share/benchmark_nodes/package.zsh'
[11.666s] Level 1:colcon.colcon_core.environment:create_file_with_runtime_dependencies(/ros2_ws/install/benchmark_nodes/share/colcon-core/packages/benchmark_nodes)
[11.668s] DEBUG:colcon.colcon_parallel_executor.executor.parallel:closing loop
[11.672s] DEBUG:colcon.colcon_parallel_executor.executor.parallel:loop closed
[11.673s] DEBUG:colcon.colcon_parallel_executor.executor.parallel:run_until_complete finished with '0'
[11.673s] DEBUG:colcon.colcon_core.event_reactor:joining thread
[11.728s] INFO:colcon.colcon_core.plugin_system:Skipping extension 'colcon_notification.desktop_notification.notify_send': Could not find 'notify-send'
[11.729s] INFO:colcon.colcon_core.plugin_system:Skipping extension 'colcon_notification.desktop_notification.terminal_notifier': Not used on non-Darwin systems
[11.729s] INFO:colcon.colcon_core.plugin_system:Skipping extension 'colcon_notification.desktop_notification.win32': Not used on non-Windows systems
[11.730s] INFO:colcon.colcon_notification.desktop_notification:Sending desktop notification using 'notify2'
[11.730s] DEBUG:colcon.colcon_notification.desktop_notification.notify2:Failed to initialize notify2: org.freedesktop.DBus.Error.NotSupported: Unable to autolaunch a dbus-daemon without a $DISPLAY for X11
[11.731s] DEBUG:colcon.colcon_core.event_reactor:joined thread
[11.732s] INFO:colcon.colcon_core.shell:Creating prefix script '/ros2_ws/install/local_setup.ps1'
[11.738s] INFO:colcon.colcon_core.shell:Creating prefix util module '/ros2_ws/install/_local_setup_util_ps1.py'
[11.747s] INFO:colcon.colcon_core.shell:Creating prefix chain script '/ros2_ws/install/setup.ps1'
[11.753s] INFO:colcon.colcon_core.shell:Creating prefix script '/ros2_ws/install/local_setup.sh'
[11.757s] INFO:colcon.colcon_core.shell:Creating prefix util module '/ros2_ws/install/_local_setup_util_sh.py'
[11.761s] INFO:colcon.colcon_core.shell:Creating prefix chain script '/ros2_ws/install/setup.sh'
[11.767s] INFO:colcon.colcon_core.shell:Creating prefix script '/ros2_ws/install/local_setup.bash'
[11.770s] INFO:colcon.colcon_core.shell:Creating prefix chain script '/ros2_ws/install/setup.bash'
[11.776s] INFO:colcon.colcon_core.shell:Creating prefix script '/ros2_ws/install/local_setup.zsh'
[11.779s] INFO:colcon.colcon_core.shell:Creating prefix chain script '/ros2_ws/install/setup.zsh'
