running egg_info
creating ../../build/benchmark_nodes/benchmark_nodes.egg-info
writing ../../build/benchmark_nodes/benchmark_nodes.egg-info/PKG-INFO
writing dependency_links to ../../build/benchmark_nodes/benchmark_nodes.egg-info/dependency_links.txt
writing entry points to ../../build/benchmark_nodes/benchmark_nodes.egg-info/entry_points.txt
writing requirements to ../../build/benchmark_nodes/benchmark_nodes.egg-info/requires.txt
writing top-level names to ../../build/benchmark_nodes/benchmark_nodes.egg-info/top_level.txt
writing manifest file '../../build/benchmark_nodes/benchmark_nodes.egg-info/SOURCES.txt'
reading manifest file '../../build/benchmark_nodes/benchmark_nodes.egg-info/SOURCES.txt'
writing manifest file '../../build/benchmark_nodes/benchmark_nodes.egg-info/SOURCES.txt'
running build
running build_py
creating /ros2_ws/build/benchmark_nodes/build
creating /ros2_ws/build/benchmark_nodes/build/lib
creating /ros2_ws/build/benchmark_nodes/build/lib/benchmark_nodes
copying benchmark_nodes/dummy_lidar_pub.py -> /ros2_ws/build/benchmark_nodes/build/lib/benchmark_nodes
copying benchmark_nodes/latency_sub.py -> /ros2_ws/build/benchmark_nodes/build/lib/benchmark_nodes
copying benchmark_nodes/__init__.py -> /ros2_ws/build/benchmark_nodes/build/lib/benchmark_nodes
running install
running install_lib
creating /ros2_ws/install/benchmark_nodes/lib/python3.12/site-packages/benchmark_nodes
copying /ros2_ws/build/benchmark_nodes/build/lib/benchmark_nodes/dummy_lidar_pub.py -> /ros2_ws/install/benchmark_nodes/lib/python3.12/site-packages/benchmark_nodes
copying /ros2_ws/build/benchmark_nodes/build/lib/benchmark_nodes/latency_sub.py -> /ros2_ws/install/benchmark_nodes/lib/python3.12/site-packages/benchmark_nodes
copying /ros2_ws/build/benchmark_nodes/build/lib/benchmark_nodes/__init__.py -> /ros2_ws/install/benchmark_nodes/lib/python3.12/site-packages/benchmark_nodes
byte-compiling /ros2_ws/install/benchmark_nodes/lib/python3.12/site-packages/benchmark_nodes/dummy_lidar_pub.py to dummy_lidar_pub.cpython-312.pyc
byte-compiling /ros2_ws/install/benchmark_nodes/lib/python3.12/site-packages/benchmark_nodes/latency_sub.py to latency_sub.cpython-312.pyc
byte-compiling /ros2_ws/install/benchmark_nodes/lib/python3.12/site-packages/benchmark_nodes/__init__.py to __init__.cpython-312.pyc
running install_data
creating /ros2_ws/install/benchmark_nodes/share/ament_index
creating /ros2_ws/install/benchmark_nodes/share/ament_index/resource_index
creating /ros2_ws/install/benchmark_nodes/share/ament_index/resource_index/packages
copying resource/benchmark_nodes -> /ros2_ws/install/benchmark_nodes/share/ament_index/resource_index/packages
copying package.xml -> /ros2_ws/install/benchmark_nodes/share/benchmark_nodes
running install_egg_info
Copying ../../build/benchmark_nodes/benchmark_nodes.egg-info to /ros2_ws/install/benchmark_nodes/lib/python3.12/site-packages/benchmark_nodes-0.0.1-py3.12.egg-info
running install_scripts
Installing dummy_lidar_pub script to /ros2_ws/install/benchmark_nodes/lib/benchmark_nodes
Installing latency_sub script to /ros2_ws/install/benchmark_nodes/lib/benchmark_nodes
writing list of installed files to '/ros2_ws/build/benchmark_nodes/install.log'
