[5.602s] Invoking command in '/ros2_ws/src/benchmark_nodes': PYTHONPATH=/ros2_ws/build/benchmark_nodes/prefix_override:/usr/lib/python3/dist-packages/colcon_core/task/python/colcon_distutils_commands:/ros2_ws/install/benchmark_nodes/lib/python3.12/site-packages:${PYTHONPATH} /usr/bin/python3 -W ignore:setup.py install is deprecated -W ignore:easy_install command is deprecated setup.py egg_info --egg-base ../../build/benchmark_nodes build --build-base /ros2_ws/build/benchmark_nodes/build install --record /ros2_ws/build/benchmark_nodes/install.log --install-scripts $base/lib/benchmark_nodes --single-version-externally-managed install_data
[7.496s] running egg_info
[7.611s] writing ../../build/benchmark_nodes/benchmark_nodes.egg-info/PKG-INFO
[7.613s] writing dependency_links to ../../build/benchmark_nodes/benchmark_nodes.egg-info/dependency_links.txt
[7.615s] writing entry points to ../../build/benchmark_nodes/benchmark_nodes.egg-info/entry_points.txt
[7.617s] writing requirements to ../../build/benchmark_nodes/benchmark_nodes.egg-info/requires.txt
[7.618s] writing top-level names to ../../build/benchmark_nodes/benchmark_nodes.egg-info/top_level.txt
[7.858s] reading manifest file '../../build/benchmark_nodes/benchmark_nodes.egg-info/SOURCES.txt'
[7.865s] writing manifest file '../../build/benchmark_nodes/benchmark_nodes.egg-info/SOURCES.txt'
[7.866s] running build
[7.867s] running build_py
[7.869s] copying benchmark_nodes/resource_monitor.py -> /ros2_ws/build/benchmark_nodes/build/lib/benchmark_nodes
[7.872s] running install
[7.921s] running install_lib
[8.040s] copying /ros2_ws/build/benchmark_nodes/build/lib/benchmark_nodes/resource_monitor.py -> /ros2_ws/install/benchmark_nodes/lib/python3.12/site-packages/benchmark_nodes
[8.046s] byte-compiling /ros2_ws/install/benchmark_nodes/lib/python3.12/site-packages/benchmark_nodes/resource_monitor.py to resource_monitor.cpython-312.pyc
[8.050s] running install_data
[8.052s] running install_egg_info
[8.180s] removing '/ros2_ws/install/benchmark_nodes/lib/python3.12/site-packages/benchmark_nodes-0.0.1-py3.12.egg-info' (and everything under it)
[8.184s] Copying ../../build/benchmark_nodes/benchmark_nodes.egg-info to /ros2_ws/install/benchmark_nodes/lib/python3.12/site-packages/benchmark_nodes-0.0.1-py3.12.egg-info
[8.194s] running install_scripts
[9.074s] Installing dummy_lidar_pub script to /ros2_ws/install/benchmark_nodes/lib/benchmark_nodes
[9.076s] Installing latency_sub script to /ros2_ws/install/benchmark_nodes/lib/benchmark_nodes
[9.077s] Installing resource_monitor script to /ros2_ws/install/benchmark_nodes/lib/benchmark_nodes
[9.080s] writing list of installed files to '/ros2_ws/build/benchmark_nodes/install.log'
[9.247s] Invoked command in '/ros2_ws/src/benchmark_nodes' returned '0': PYTHONPATH=/ros2_ws/build/benchmark_nodes/prefix_override:/usr/lib/python3/dist-packages/colcon_core/task/python/colcon_distutils_commands:/ros2_ws/install/benchmark_nodes/lib/python3.12/site-packages:${PYTHONPATH} /usr/bin/python3 -W ignore:setup.py install is deprecated -W ignore:easy_install command is deprecated setup.py egg_info --egg-base ../../build/benchmark_nodes build --build-base /ros2_ws/build/benchmark_nodes/build install --record /ros2_ws/build/benchmark_nodes/install.log --install-scripts $base/lib/benchmark_nodes --single-version-externally-managed install_data
