/ros2_ws/install/benchmark_nodes/lib/python3.12/site-packages/benchmark_nodes/dummy_lidar_pub.py
/ros2_ws/install/benchmark_nodes/lib/python3.12/site-packages/benchmark_nodes/latency_sub.py
/ros2_ws/install/benchmark_nodes/lib/python3.12/site-packages/benchmark_nodes/resource_monitor.py
/ros2_ws/install/benchmark_nodes/lib/python3.12/site-packages/benchmark_nodes/__init__.py
/ros2_ws/install/benchmark_nodes/lib/python3.12/site-packages/benchmark_nodes/__pycache__/dummy_lidar_pub.cpython-312.pyc
/ros2_ws/install/benchmark_nodes/lib/python3.12/site-packages/benchmark_nodes/__pycache__/latency_sub.cpython-312.pyc
/ros2_ws/install/benchmark_nodes/lib/python3.12/site-packages/benchmark_nodes/__pycache__/resource_monitor.cpython-312.pyc
/ros2_ws/install/benchmark_nodes/lib/python3.12/site-packages/benchmark_nodes/__pycache__/__init__.cpython-312.pyc
/ros2_ws/install/benchmark_nodes/share/ament_index/resource_index/packages/benchmark_nodes
/ros2_ws/install/benchmark_nodes/share/benchmark_nodes/package.xml
/ros2_ws/install/benchmark_nodes/lib/python3.12/site-packages/benchmark_nodes-0.0.1-py3.12.egg-info/PKG-INFO
/ros2_ws/install/benchmark_nodes/lib/python3.12/site-packages/benchmark_nodes-0.0.1-py3.12.egg-info/SOURCES.txt
/ros2_ws/install/benchmark_nodes/lib/python3.12/site-packages/benchmark_nodes-0.0.1-py3.12.egg-info/zip-safe
/ros2_ws/install/benchmark_nodes/lib/python3.12/site-packages/benchmark_nodes-0.0.1-py3.12.egg-info/entry_points.txt
/ros2_ws/install/benchmark_nodes/lib/python3.12/site-packages/benchmark_nodes-0.0.1-py3.12.egg-info/requires.txt
/ros2_ws/install/benchmark_nodes/lib/python3.12/site-packages/benchmark_nodes-0.0.1-py3.12.egg-info/dependency_links.txt
/ros2_ws/install/benchmark_nodes/lib/python3.12/site-packages/benchmark_nodes-0.0.1-py3.12.egg-info/top_level.txt
/ros2_ws/install/benchmark_nodes/lib/benchmark_nodes/dummy_lidar_pub
/ros2_ws/install/benchmark_nodes/lib/benchmark_nodes/latency_sub
/ros2_ws/install/benchmark_nodes/lib/benchmark_nodes/resource_monitor
